
Discarded input sections

 .group         0x0000000000000000        0x8 build/src/main.o
 .group         0x0000000000000000        0x8 build/src/main.o
 .group         0x0000000000000000        0x8 build/src/main.o
 .group         0x0000000000000000        0x8 build/src/main.o
 .group         0x0000000000000000        0x8 build/src/main.o
 .group         0x0000000000000000        0x8 build/src/main.o
 .group         0x0000000000000000        0x8 build/src/main.o
 .group         0x0000000000000000        0x8 build/src/main.o
 .group         0x0000000000000000        0x8 build/src/main.o
 .group         0x0000000000000000        0x8 build/src/main.o
 .group         0x0000000000000000        0x8 build/src/main.o
 .group         0x0000000000000000        0x8 build/src/main.o
 .group         0x0000000000000000        0x8 build/src/main.o
 .group         0x0000000000000000        0x8 build/src/main.o
 .group         0x0000000000000000        0x8 build/src/main.o
 .group         0x0000000000000000        0x8 build/src/main.o
 .group         0x0000000000000000        0x8 build/src/main.o
 .group         0x0000000000000000        0x8 build/src/main.o
 .group         0x0000000000000000        0x8 build/src/main.o
 .group         0x0000000000000000        0x8 build/src/main.o
 .group         0x0000000000000000        0x8 build/src/main.o
 .group         0x0000000000000000        0x8 build/src/main.o
 .group         0x0000000000000000        0x8 build/src/main.o
 .group         0x0000000000000000        0x8 build/src/main.o
 .group         0x0000000000000000        0x8 build/src/main.o
 .group         0x0000000000000000        0x8 build/src/main.o
 .group         0x0000000000000000        0x8 build/src/main.o
 .group         0x0000000000000000        0x8 build/src/main.o
 .group         0x0000000000000000        0x8 build/src/main.o
 .group         0x0000000000000000        0x8 build/src/main.o
 .group         0x0000000000000000        0x8 build/src/main.o
 .group         0x0000000000000000        0x8 build/src/main.o
 .group         0x0000000000000000        0x8 build/src/main.o
 .group         0x0000000000000000        0x8 build/src/main.o
 .group         0x0000000000000000        0x8 build/src/main.o
 .group         0x0000000000000000        0x8 build/src/main.o
 .group         0x0000000000000000        0x8 build/src/main.o

Memory Configuration

Name             Origin             Length             Attributes
onChipRam        0x0000000080000000 0x0000000000001000 w !xr
sdram            0x0000000040000000 0x0000000004000000 w !xr
*default*        0x0000000000000000 0xffffffffffffffff

Linker script and memory map

LOAD build/src/main.o
LOAD build/src/crt.o
LOAD /opt/riscv/bin/../lib/gcc/riscv64-unknown-elf/7.2.0/rv32i/ilp32/libgcc.a
                0x0000000000000800                _stack_size = 0x800
                0x0000000000000000                _heap_size = 0x0

.vector         0x0000000080000000      0x13c
 *crt.o(.text)
 .text          0x0000000080000000      0x13c build/src/crt.o
                0x0000000080000000                crtStart
                0x0000000080000020                trap_entry

.memory         0x0000000040000000      0x380
 *(.text)
 .text          0x0000000040000000      0x380 build/src/main.o
                0x0000000040000238                print
                0x000000004000028c                main
                0x0000000040000364                irqCallback
                0x0000000040000380                end = .

.rodata         0x0000000040000380       0x69
 *(.rdata)
 *(.rodata .rodata.*)
 .rodata        0x0000000040000380       0x69 build/src/main.o
 *(.gnu.linkonce.r.*)

.rela.dyn       0x00000000400003ec        0x0
 .rela.text     0x00000000400003ec        0x0 build/src/main.o

.ctors          0x00000000400003e9        0x3
                0x00000000400003ec                . = ALIGN (0x4)
 *fill*         0x00000000400003e9        0x3 
                0x00000000400003ec                _ctors_start = .
 *(.init_array*)
 *(SORT(.ctors.*))
 *(.ctors)
                0x00000000400003ec                . = ALIGN (0x4)
                0x00000000400003ec                _ctors_end = .

.data           0x00000000400003ec        0x4
 *(.rdata)
 *(.rodata .rodata.*)
 *(.gnu.linkonce.r.*)
 *(.data .data.*)
 .data          0x00000000400003ec        0x0 build/src/main.o
 .data          0x00000000400003ec        0x0 build/src/crt.o
 *(.gnu.linkonce.d.*)
                0x00000000400003f0                . = ALIGN (0x8)
 *fill*         0x00000000400003ec        0x4 
                0x0000000040000bf0                PROVIDE (__global_pointer$, (. + 0x800))
 *(.sdata .sdata.*)
 *(.gnu.linkonce.s.*)
                0x00000000400003f0                . = ALIGN (0x8)
 *(.srodata.cst16)
 *(.srodata.cst8)
 *(.srodata.cst4)
 *(.srodata.cst2)
 *(.srodata .srodata.*)

.bss            0x00000000400003f0        0x0
                0x00000000400003f0                . = ALIGN (0x4)
                0x00000000400003f0                _bss_start = .
 *(.sbss*)
 *(.gnu.linkonce.sb.*)
 *(.bss .bss.*)
 .bss           0x00000000400003f0        0x0 build/src/main.o
 .bss           0x00000000400003f0        0x0 build/src/crt.o
 *(.gnu.linkonce.b.*)
 *(COMMON)
                0x00000000400003f0                . = ALIGN (0x4)
                0x00000000400003f0                _bss_end = .

.noinit         0x00000000400003f0        0x0
                0x00000000400003f0                . = ALIGN (0x4)
 *(.noinit .noinit.*)
                0x00000000400003f0                . = ALIGN (0x4)

._user_heap     0x00000000400003f0        0x0
                0x00000000400003f0                . = ALIGN (0x8)
                [!provide]                        PROVIDE (end, .)
                [!provide]                        PROVIDE (_end, .)
                [!provide]                        PROVIDE (_heap_start, .)
                0x00000000400003f0                . = (. + _heap_size)
                0x00000000400003f0                . = ALIGN (0x8)
                [!provide]                        PROVIDE (_heap_end, .)

._stack         0x000000008000013c      0x804
                0x0000000080000140                . = ALIGN (0x10)
 *fill*         0x000000008000013c        0x4 
                [!provide]                        PROVIDE (_stack_end, .)
                0x0000000080000940                . = (. + _stack_size)
 *fill*         0x0000000080000140      0x800 
                0x0000000080000940                . = ALIGN (0x10)
                0x0000000080000940                PROVIDE (_stack_start, .)
OUTPUT(build/uart.elf elf32-littleriscv)

.debug_info     0x0000000000000000      0xdaa
 .debug_info    0x0000000000000000      0xd84 build/src/main.o
 .debug_info    0x0000000000000d84       0x26 build/src/crt.o

.debug_abbrev   0x0000000000000000      0x2b6
 .debug_abbrev  0x0000000000000000      0x2a2 build/src/main.o
 .debug_abbrev  0x00000000000002a2       0x14 build/src/crt.o

.debug_aranges  0x0000000000000000       0x40
 .debug_aranges
                0x0000000000000000       0x20 build/src/main.o
 .debug_aranges
                0x0000000000000020       0x20 build/src/crt.o

.debug_macro    0x0000000000000000     0x1ad7
 .debug_macro   0x0000000000000000      0x260 build/src/main.o
 .debug_macro   0x0000000000000260      0x736 build/src/main.o
 .debug_macro   0x0000000000000996       0x22 build/src/main.o
 .debug_macro   0x00000000000009b8       0x46 build/src/main.o
 .debug_macro   0x00000000000009fe       0x8d build/src/main.o
 .debug_macro   0x0000000000000a8b       0x34 build/src/main.o
 .debug_macro   0x0000000000000abf       0x9c build/src/main.o
 .debug_macro   0x0000000000000b5b       0x16 build/src/main.o
 .debug_macro   0x0000000000000b71       0x57 build/src/main.o
 .debug_macro   0x0000000000000bc8       0x97 build/src/main.o
 .debug_macro   0x0000000000000c5f      0x30d build/src/main.o
 .debug_macro   0x0000000000000f6c       0xfd build/src/main.o
 .debug_macro   0x0000000000001069       0x10 build/src/main.o
 .debug_macro   0x0000000000001079       0x52 build/src/main.o
 .debug_macro   0x00000000000010cb       0x1f build/src/main.o
 .debug_macro   0x00000000000010ea       0x43 build/src/main.o
 .debug_macro   0x000000000000112d       0x20 build/src/main.o
 .debug_macro   0x000000000000114d      0x187 build/src/main.o
 .debug_macro   0x00000000000012d4       0x10 build/src/main.o
 .debug_macro   0x00000000000012e4       0x6a build/src/main.o
 .debug_macro   0x000000000000134e       0x1c build/src/main.o
 .debug_macro   0x000000000000136a       0x52 build/src/main.o
 .debug_macro   0x00000000000013bc       0x40 build/src/main.o
 .debug_macro   0x00000000000013fc       0x10 build/src/main.o
 .debug_macro   0x000000000000140c       0x40 build/src/main.o
 .debug_macro   0x000000000000144c       0xd7 build/src/main.o
 .debug_macro   0x0000000000001523       0x1c build/src/main.o
 .debug_macro   0x000000000000153f       0x3d build/src/main.o
 .debug_macro   0x000000000000157c       0x16 build/src/main.o
 .debug_macro   0x0000000000001592      0x18b build/src/main.o
 .debug_macro   0x000000000000171d       0x16 build/src/main.o
 .debug_macro   0x0000000000001733       0x35 build/src/main.o
 .debug_macro   0x0000000000001768       0xef build/src/main.o
 .debug_macro   0x0000000000001857      0x1df build/src/main.o
 .debug_macro   0x0000000000001a36       0x16 build/src/main.o
 .debug_macro   0x0000000000001a4c       0x16 build/src/main.o
 .debug_macro   0x0000000000001a62       0x29 build/src/main.o
 .debug_macro   0x0000000000001a8b       0x4c build/src/main.o

.debug_line     0x0000000000000000      0x6cb
 .debug_line    0x0000000000000000      0x4e5 build/src/main.o
 .debug_line    0x00000000000004e5      0x1e6 build/src/crt.o

.debug_str      0x0000000000000000     0x76d0
 .debug_str     0x0000000000000000     0x76a4 build/src/main.o
                                       0x78ec (size before relaxing)
 .debug_str     0x00000000000076a4       0x2c build/src/crt.o
                                         0x7e (size before relaxing)

.comment        0x0000000000000000       0x11
 .comment       0x0000000000000000       0x11 build/src/main.o
                                         0x12 (size before relaxing)

.debug_frame    0x0000000000000000      0x1b8
 .debug_frame   0x0000000000000000      0x1b8 build/src/main.o
