
Memory Configuration

Name             Origin             Length             Attributes
mem              0x0000000080000000 0x0000000000040000
*default*        0x0000000000000000 0xffffffffffffffff

Linker script and memory map

LOAD build/src/main.o
LOAD build/src/crt.o
LOAD /opt/riscv/bin/../lib/gcc/riscv64-unknown-elf/7.2.0/rv32im/ilp32/libgcc.a
                0x0000000000000400                _stack_size = DEFINED (_stack_size)?_stack_size:0x400
                0x0000000000000000                _heap_size = DEFINED (_heap_size)?_heap_size:0x0

.vector         0x0000000080000000      0x12c
 *crt.o(.text)
 .text          0x0000000080000000      0x12c build/src/crt.o
                0x0000000080000000                crtStart
                0x0000000080000020                trap_entry

.memory         0x000000008000012c        0xc
 *(.text)
 .text          0x000000008000012c        0xc build/src/main.o
                0x000000008000012c                irqCallback
                0x0000000080000130                miaou
                0x0000000080000138                end = .

.text.startup   0x0000000080000138       0x3c
 .text.startup  0x0000000080000138       0x3c build/src/main.o
                0x0000000080000138                main

.rela.dyn       0x0000000080000174        0x0
 .rela.text     0x0000000080000174        0x0 build/src/main.o

.rodata
 *(.rdata)
 *(.rodata .rodata.*)
 *(.gnu.linkonce.r.*)

.ctors          0x0000000080000174        0x0
                0x0000000080000174                . = ALIGN (0x4)
                0x0000000080000174                _ctors_start = .
 *(.init_array*)
 *(SORT(.ctors.*))
 *(.ctors)
                0x0000000080000174                . = ALIGN (0x4)
                0x0000000080000174                _ctors_end = .

.data           0x0000000080000174        0xc
 *(.rdata)
 *(.rodata .rodata.*)
 *(.gnu.linkonce.r.*)
 *(.data .data.*)
 .data          0x0000000080000174        0x0 build/src/main.o
 .data          0x0000000080000174        0x0 build/src/crt.o
 *(.gnu.linkonce.d.*)
                0x0000000080000178                . = ALIGN (0x8)
 *fill*         0x0000000080000174        0x4 
                [!provide]                        PROVIDE (__global_pointer$, (. + 0x800))
 *(.sdata .sdata.*)
 .sdata         0x0000000080000178        0x4 build/src/main.o
                0x0000000080000178                var1
 *(.gnu.linkonce.s.*)
                0x0000000080000180                . = ALIGN (0x8)
 *fill*         0x000000008000017c        0x4 
 *(.srodata.cst16)
 *(.srodata.cst8)
 *(.srodata.cst4)
 *(.srodata.cst2)
 *(.srodata .srodata.*)

.bss            0x0000000080000180        0x8
                0x0000000080000180                . = ALIGN (0x4)
                0x0000000080000180                _bss_start = .
 *(.sbss*)
 .sbss          0x0000000080000180        0x8 build/src/main.o
                0x0000000080000180                var3
                0x0000000080000184                var2
 *(.gnu.linkonce.sb.*)
 *(.bss .bss.*)
 .bss           0x0000000080000188        0x0 build/src/main.o
 .bss           0x0000000080000188        0x0 build/src/crt.o
 *(.gnu.linkonce.b.*)
 *(COMMON)
                0x0000000080000188                . = ALIGN (0x4)
                0x0000000080000188                _bss_end = .

.noinit         0x0000000080000188        0x0
                0x0000000080000188                . = ALIGN (0x4)
 *(.noinit .noinit.*)
                0x0000000080000188                . = ALIGN (0x4)

._user_heap     0x0000000080000188        0x0
                0x0000000080000188                . = ALIGN (0x8)
                [!provide]                        PROVIDE (end, .)
                [!provide]                        PROVIDE (_end, .)
                [!provide]                        PROVIDE (_heap_start, .)
                0x0000000080000188                . = (. + _heap_size)
                0x0000000080000188                . = ALIGN (0x8)
                [!provide]                        PROVIDE (_heap_end, .)

._stack         0x0000000080000188      0x408
                0x0000000080000190                . = ALIGN (0x10)
 *fill*         0x0000000080000188        0x8 
                [!provide]                        PROVIDE (_stack_end, .)
                0x0000000080000590                . = (. + _stack_size)
 *fill*         0x0000000080000190      0x400 
                0x0000000080000590                . = ALIGN (0x10)
                0x0000000080000590                PROVIDE (_stack_start, .)
OUTPUT(build/simple.elf elf32-littleriscv)

.debug_info     0x0000000000000000       0xd3
 .debug_info    0x0000000000000000       0xad build/src/main.o
 .debug_info    0x00000000000000ad       0x26 build/src/crt.o

.debug_abbrev   0x0000000000000000       0x85
 .debug_abbrev  0x0000000000000000       0x71 build/src/main.o
 .debug_abbrev  0x0000000000000071       0x14 build/src/crt.o

.debug_aranges  0x0000000000000000       0x48
 .debug_aranges
                0x0000000000000000       0x28 build/src/main.o
 .debug_aranges
                0x0000000000000028       0x20 build/src/crt.o

.debug_ranges   0x0000000000000000       0x18
 .debug_ranges  0x0000000000000000       0x18 build/src/main.o

.debug_line     0x0000000000000000      0x243
 .debug_line    0x0000000000000000       0x79 build/src/main.o
 .debug_line    0x0000000000000079      0x1ca build/src/crt.o

.debug_str      0x0000000000000000       0xe4
 .debug_str     0x0000000000000000       0xce build/src/main.o
 .debug_str     0x00000000000000ce       0x16 build/src/crt.o
                                         0x68 (size before relaxing)

.comment        0x0000000000000000       0x11
 .comment       0x0000000000000000       0x11 build/src/main.o
                                         0x12 (size before relaxing)

.debug_frame    0x0000000000000000       0x40
 .debug_frame   0x0000000000000000       0x40 build/src/main.o
